\title{\textbf{Simple doc}}
\documentclass[12pt]{article}

\usepackage[a4paper,left=2.54cm,right=2.54cm,top=2.54cm,bottom=2.54cm]{geometry}
\usepackage[T1]{fontenc}
\usepackage[utf8]{inputenc}
\usepackage{lmodern}
\usepackage{parskip}
\usepackage{hyperref}
\usepackage{graphicx}
\usepackage{adjustbox}
\usepackage{natbib}
\usepackage[dvipsnames]{xcolor}
\usepackage{minted}

\setlength\parindent{0em}

\bibliographystyle{abbrvnat}
\setcitestyle{super,citesep={,},open={},close={}}

\definecolor{lightgrey}{rgb}{0.95,0.95,0.95}
\setminted{bgcolor=lightgrey}
\setmintedinline{bgcolor=lightgrey,escapeinside=||,mathescape=true}

\renewcommand{\thefootnote}{\roman{footnote}}

\usepackage{titling}
\predate{}
\date{}
\postdate{}
\preauthor{}
\author{}
\postauthor{}

\setcounter{tocdepth}{1}

\begin{document}

\maketitle


I am a very simple document

\bibliography{output}

\end{document}